2021-03-20 17:25:18,848 - __main__ - DEBUG - User User XYZ provided the numbers 100 and 0 for calculation
2021-03-20 17:25:18,849 - __main__ - ERROR - Calculation was unsuccessful for user User XYZ with the inputs 100 and 0
2021-03-20 17:25:18,850 - __main__ - ERROR - division by zero
